≡ƒº¬ Testing Tree-sitter Parser...

Γ£à Parsed successfully!
   Language: java
   Symbols found: 7

≡ƒôï Extracted Symbols:

1. CLASS: Calculator
   File: Calculator.java
   Lines: 4-28

2. METHOD: Calculator
   File: Calculator.java
   Lines: 5-25
   Signature: public Calculator(int initialValue)
   Return Type: public
   Visibility: package
   Static: false
   Parameters: int initialValue

3. METHOD: add
   File: Calculator.java
   Lines: 11-31
   Signature: int add(int a, int b)
   Return Type: int
   Visibility: public
   Static: false
   Parameters: int a, int b

4. METHOD: subtract
   File: Calculator.java
   Lines: 15-35
   Signature: int subtract(int a, int b)
   Return Type: int
   Visibility: public
   Static: false
   Parameters: int a, int b

5. METHOD: validate
   File: Calculator.java
   Lines: 19-39
   Signature: void validate(int num)
   Return Type: void
   Visibility: private
   Static: false
   Parameters: int num

6. METHOD: IllegalArgumentException
   File: Calculator.java
   Lines: 21-41
   Signature: new IllegalArgumentException("Negative not allowed")
   Return Type: new
   Visibility: package
   Static: false
   Parameters: not allowed"

7. METHOD: multiply
   File: Calculator.java
   Lines: 25-45
   Signature: int multiply(int a, int b)
   Return Type: int
   Visibility: public
   Static: false
   Parameters: int a, int b

≡ƒöù Testing Call Extraction...
   Found 14 call relationships
   Calculator() -> add() (line 11)
   Calculator() -> subtract() (line 15)
   add() -> add() (line 11)
   add() -> subtract() (line 15)
   add() -> validate() (line 19)
   subtract() -> subtract() (line 15)
   subtract() -> validate() (line 19)
   subtract() -> IllegalArgumentException() (line 21)
   validate() -> validate() (line 19)
   validate() -> IllegalArgumentException() (line 21)
   validate() -> multiply() (line 25)
   IllegalArgumentException() -> IllegalArgumentException() (line 21)
   IllegalArgumentException() -> multiply() (line 25)
   multiply() -> multiply() (line 25)

Γ£à Tree-sitter parser test completed!
